// Jest Snapshot v1, https://goo.gl/fbAQLP

exports[`renders MainPage without problems 1`] = `
<div
  className="main-page"
>
  <Header />
  <SearchBox
    placeholder="Enter search criteria"
  />
  <Scroll>
    <ErrorBoundary>
      <CardList
        items={Array []}
      />
    </ErrorBoundary>
  </Scroll>
</div>
`;
